// Jest Snapshot v1, https://goo.gl/fbAQLP

exports[`The homepage renders correctly 1`] = `
Array [
  <h1>
    Welcome 
  </h1>,
  <div
    className="App"
  >
    <header
      className="App-header"
    >
      <button
        onClick={[Function]}
        type="submit"
      >
        Sign Out
      </button>
    </header>
  </div>,
]
`;
