// Jest Snapshot v1, https://goo.gl/fbAQLP

exports[`The sign in page renders correctly 1`] = `
<div
  className="App"
>
  <header
    className="App-header"
  >
    <h1>
      Sign In
    </h1>
    <div
      className="App"
    >
      <form
        onSubmit={[Function]}
      >
        <input
          onChange={[Function]}
          placeholder="Email"
          value=""
        />
        <input
          onChange={[Function]}
          placeholder="Password"
          type="password"
          value=""
        />
        <button
          type="submit"
        >
          Sign In
        </button>
      </form>
    </div>
    <a
      href="/sign-up"
      onClick={[Function]}
    >
      Don''t have an account? Sign Up here
    </a>
  </header>
</div>
`;
